// Jest Snapshot v1, https://goo.gl/fbAQLP

exports[`<Boards /> should be  1`] = `[Function]`;
