// Jest Snapshot v1, https://goo.gl/fbAQLP

exports[`<Footer /> should be  1`] = `[Function]`;
