// Jest Snapshot v1, https://goo.gl/fbAQLP

exports[`<Baords /> should be  1`] = `[Function]`;
